
> codebase-intelligence-frontend@1.0.0 build
> tsc -b && vite build

src/api/api.ts(29,30): error TS2339: Property 'env' does not exist on type 'ImportMeta'.
